2025-12-20 18:39:13.016  INFO pumamz --- [kground-preinit] o.h.v.i.u.Version                        : HV000001: Hibernate Validator 8.0.1.Final
2025-12-20 18:39:13.044  INFO pumamz --- [           main] c.u.u.UdipsaiApplication                 : Starting UdipsaiApplication using Java 17.0.17 with PID 219658 (/home/pumamz/Documents/java/UDIPSAI-Backend/target/classes started by pumamz in /home/pumamz/Documents/java/UDIPSAI-Backend)
2025-12-20 18:39:13.048 DEBUG pumamz --- [           main] c.u.u.UdipsaiApplication                 : Running with Spring Boot v3.2.5, Spring v6.1.6
2025-12-20 18:39:13.049  INFO pumamz --- [           main] c.u.u.UdipsaiApplication                 : The following 1 profile is active: "dev"
2025-12-20 18:39:13.965  INFO pumamz --- [           main] .s.d.r.c.RepositoryConfigurationDelegate : Bootstrapping Spring Data JPA repositories in DEFAULT mode.
2025-12-20 18:39:14.037  INFO pumamz --- [           main] .s.d.r.c.RepositoryConfigurationDelegate : Finished Spring Data repository scanning in 66 ms. Found 14 JPA repository interfaces.
2025-12-20 18:39:14.658  INFO pumamz --- [           main] o.s.b.w.e.t.TomcatWebServer              : Tomcat initialized with port 8080 (http)
2025-12-20 18:39:14.667  INFO pumamz --- [           main] o.a.c.h.Http11NioProtocol                : Initializing ProtocolHandler ["http-nio-8080"]
2025-12-20 18:39:14.669  INFO pumamz --- [           main] o.a.c.c.StandardService                  : Starting service [Tomcat]
2025-12-20 18:39:14.669  INFO pumamz --- [           main] o.a.c.c.StandardEngine                   : Starting Servlet engine: [Apache Tomcat/10.1.20]
2025-12-20 18:39:14.732  INFO pumamz --- [           main] o.a.c.c.C.[.[.[/]                        : Initializing Spring embedded WebApplicationContext
2025-12-20 18:39:14.734  INFO pumamz --- [           main] w.s.c.ServletWebServerApplicationContext : Root WebApplicationContext: initialization completed in 1643 ms
2025-12-20 18:39:14.922  INFO pumamz --- [           main] c.z.h.HikariDataSource                   : HikariPool-1 - Starting...
2025-12-20 18:39:15.149  INFO pumamz --- [           main] c.z.h.p.HikariPool                       : HikariPool-1 - Added connection org.postgresql.jdbc.PgConnection@23e9dd78
2025-12-20 18:39:15.151  INFO pumamz --- [           main] c.z.h.HikariDataSource                   : HikariPool-1 - Start completed.
2025-12-20 18:39:15.229  INFO pumamz --- [           main] o.h.j.i.u.LogHelper                      : HHH000204: Processing PersistenceUnitInfo [name: default]
2025-12-20 18:39:15.271  INFO pumamz --- [           main] o.h.Version                              : HHH000412: Hibernate ORM core version 6.4.4.Final
2025-12-20 18:39:15.299  INFO pumamz --- [           main] o.h.c.i.RegionFactoryInitiator           : HHH000026: Second-level cache disabled
2025-12-20 18:39:15.476  INFO pumamz --- [           main] o.s.o.j.p.SpringPersistenceUnitInfo      : No LoadTimeWeaver setup: ignoring JPA class transformer
2025-12-20 18:39:16.807  INFO pumamz --- [           main] o.h.e.t.j.p.i.JtaPlatformInitiator       : HHH000489: No JTA platform available (set 'hibernate.transaction.jta.platform' to enable JTA platform integration)
2025-12-20 18:39:17.091  INFO pumamz --- [           main] j.LocalContainerEntityManagerFactoryBean : Initialized JPA EntityManagerFactory for persistence unit 'default'
2025-12-20 18:39:17.480 DEBUG pumamz --- [           main] c.u.u.s.JwtAuthenticationFilter          : Filter 'jwtAuthenticationFilter' configured for use
2025-12-20 18:39:17.603  INFO pumamz --- [           main] o.s.d.j.r.q.QueryEnhancerFactory         : Hibernate is in classpath; If applicable, HQL parser will be used.
2025-12-20 18:39:19.068  INFO pumamz --- [           main] o.s.b.a.e.w.EndpointLinksResolver        : Exposing 1 endpoint(s) beneath base path '/actuator'
2025-12-20 18:39:19.706  INFO pumamz --- [           main] o.a.c.h.Http11NioProtocol                : Starting ProtocolHandler ["http-nio-8080"]
2025-12-20 18:39:19.712  WARN pumamz --- [           main] ConfigServletWebServerApplicationContext : Exception encountered during context initialization - cancelling refresh attempt: org.springframework.context.ApplicationContextException: Failed to start bean 'webServerStartStop'
2025-12-20 18:39:19.723  INFO pumamz --- [           main] j.LocalContainerEntityManagerFactoryBean : Closing JPA EntityManagerFactory for persistence unit 'default'
2025-12-20 18:39:19.725  INFO pumamz --- [           main] c.z.h.HikariDataSource                   : HikariPool-1 - Shutdown initiated...
2025-12-20 18:39:19.732  INFO pumamz --- [           main] c.z.h.HikariDataSource                   : HikariPool-1 - Shutdown completed.
2025-12-20 18:39:19.754  INFO pumamz --- [           main] .s.b.a.l.ConditionEvaluationReportLogger : 

Error starting ApplicationContext. To display the condition evaluation report re-run your application with 'debug' enabled.
2025-12-20 18:39:19.772 ERROR pumamz --- [           main] o.s.b.d.LoggingFailureAnalysisReporter   : 

***************************
APPLICATION FAILED TO START
***************************

Description:

Web server failed to start. Port 8080 was already in use.

Action:

Identify and stop the process that's listening on port 8080 or configure this application to listen on another port.

2025-12-20 18:40:16.179  INFO pumamz --- [kground-preinit] o.h.v.i.u.Version                        : HV000001: Hibernate Validator 8.0.1.Final
2025-12-20 18:40:16.213  INFO pumamz --- [           main] c.u.u.UdipsaiApplication                 : Starting UdipsaiApplication using Java 17.0.17 with PID 220679 (/home/pumamz/Documents/java/UDIPSAI-Backend/target/classes started by pumamz in /home/pumamz/Documents/java/UDIPSAI-Backend)
2025-12-20 18:40:16.215 DEBUG pumamz --- [           main] c.u.u.UdipsaiApplication                 : Running with Spring Boot v3.2.5, Spring v6.1.6
2025-12-20 18:40:16.216  INFO pumamz --- [           main] c.u.u.UdipsaiApplication                 : The following 1 profile is active: "dev"
2025-12-20 18:40:17.182  INFO pumamz --- [           main] .s.d.r.c.RepositoryConfigurationDelegate : Bootstrapping Spring Data JPA repositories in DEFAULT mode.
2025-12-20 18:40:17.255  INFO pumamz --- [           main] .s.d.r.c.RepositoryConfigurationDelegate : Finished Spring Data repository scanning in 65 ms. Found 14 JPA repository interfaces.
2025-12-20 18:40:17.849  INFO pumamz --- [           main] o.s.b.w.e.t.TomcatWebServer              : Tomcat initialized with port 8080 (http)
2025-12-20 18:40:17.858  INFO pumamz --- [           main] o.a.c.h.Http11NioProtocol                : Initializing ProtocolHandler ["http-nio-8080"]
2025-12-20 18:40:17.860  INFO pumamz --- [           main] o.a.c.c.StandardService                  : Starting service [Tomcat]
2025-12-20 18:40:17.860  INFO pumamz --- [           main] o.a.c.c.StandardEngine                   : Starting Servlet engine: [Apache Tomcat/10.1.20]
2025-12-20 18:40:17.918  INFO pumamz --- [           main] o.a.c.c.C.[.[.[/]                        : Initializing Spring embedded WebApplicationContext
2025-12-20 18:40:17.919  INFO pumamz --- [           main] w.s.c.ServletWebServerApplicationContext : Root WebApplicationContext: initialization completed in 1673 ms
2025-12-20 18:40:18.112  INFO pumamz --- [           main] c.z.h.HikariDataSource                   : HikariPool-1 - Starting...
2025-12-20 18:40:18.363  INFO pumamz --- [           main] c.z.h.p.HikariPool                       : HikariPool-1 - Added connection org.postgresql.jdbc.PgConnection@4b22214d
2025-12-20 18:40:18.365  INFO pumamz --- [           main] c.z.h.HikariDataSource                   : HikariPool-1 - Start completed.
2025-12-20 18:40:18.454  INFO pumamz --- [           main] o.h.j.i.u.LogHelper                      : HHH000204: Processing PersistenceUnitInfo [name: default]
2025-12-20 18:40:18.493  INFO pumamz --- [           main] o.h.Version                              : HHH000412: Hibernate ORM core version 6.4.4.Final
2025-12-20 18:40:18.519  INFO pumamz --- [           main] o.h.c.i.RegionFactoryInitiator           : HHH000026: Second-level cache disabled
2025-12-20 18:40:18.688  INFO pumamz --- [           main] o.s.o.j.p.SpringPersistenceUnitInfo      : No LoadTimeWeaver setup: ignoring JPA class transformer
2025-12-20 18:40:20.048  INFO pumamz --- [           main] o.h.e.t.j.p.i.JtaPlatformInitiator       : HHH000489: No JTA platform available (set 'hibernate.transaction.jta.platform' to enable JTA platform integration)
2025-12-20 18:40:20.336  INFO pumamz --- [           main] j.LocalContainerEntityManagerFactoryBean : Initialized JPA EntityManagerFactory for persistence unit 'default'
2025-12-20 18:40:20.681 DEBUG pumamz --- [           main] c.u.u.s.JwtAuthenticationFilter          : Filter 'jwtAuthenticationFilter' configured for use
2025-12-20 18:40:20.814  INFO pumamz --- [           main] o.s.d.j.r.q.QueryEnhancerFactory         : Hibernate is in classpath; If applicable, HQL parser will be used.
2025-12-20 18:40:22.332  INFO pumamz --- [           main] o.s.b.a.e.w.EndpointLinksResolver        : Exposing 1 endpoint(s) beneath base path '/actuator'
2025-12-20 18:40:23.076  INFO pumamz --- [           main] o.a.c.h.Http11NioProtocol                : Starting ProtocolHandler ["http-nio-8080"]
2025-12-20 18:40:23.087  INFO pumamz --- [           main] o.s.b.w.e.t.TomcatWebServer              : Tomcat started on port 8080 (http) with context path ''
2025-12-20 18:40:23.107  INFO pumamz --- [           main] c.u.u.UdipsaiApplication                 : Started UdipsaiApplication in 7.17 seconds (process running for 7.862)
2025-12-20 18:40:23.631  INFO pumamz --- [on(2)-127.0.0.1] o.a.c.c.C.[.[.[/]                        : Initializing Spring DispatcherServlet 'dispatcherServlet'
2025-12-20 18:40:23.632  INFO pumamz --- [on(2)-127.0.0.1] o.s.w.s.DispatcherServlet                : Initializing Servlet 'dispatcherServlet'
2025-12-20 18:40:23.636  INFO pumamz --- [on(2)-127.0.0.1] o.s.w.s.DispatcherServlet                : Completed initialization in 4 ms
2025-12-20 18:40:38.339  INFO pumamz --- [ionShutdownHook] j.LocalContainerEntityManagerFactoryBean : Closing JPA EntityManagerFactory for persistence unit 'default'
2025-12-20 18:40:38.342  INFO pumamz --- [ionShutdownHook] c.z.h.HikariDataSource                   : HikariPool-1 - Shutdown initiated...
2025-12-20 18:40:38.355  INFO pumamz --- [ionShutdownHook] c.z.h.HikariDataSource                   : HikariPool-1 - Shutdown completed.
2025-12-20 18:44:39 [INFO] UdipsaiApplication - Starting UdipsaiApplication using Java 17.0.17 with PID 224818 (/home/pumamz/Documents/java/UDIPSAI-Backend/target/classes started by pumamz in /home/pumamz/Documents/java/UDIPSAI-Backend)
2025-12-20 18:44:39 [INFO] UdipsaiApplication - The following 1 profile is active: "dev"
2025-12-20 18:44:49 [INFO] UdipsaiApplication - Started UdipsaiApplication in 10.342 seconds (process running for 11.178)
2025-12-20 18:51:25 [INFO] UdipsaiApplication - Starting UdipsaiApplication using Java 17.0.17 with PID 230841 (/home/pumamz/Documents/java/UDIPSAI-Backend/target/classes started by pumamz in /home/pumamz/Documents/java/UDIPSAI-Backend)
2025-12-20 18:51:25 [INFO] UdipsaiApplication - The following 1 profile is active: "dev"
2025-12-20 18:51:31 [INFO] UdipsaiApplication - Started UdipsaiApplication in 6.901 seconds (process running for 7.48)
2025-12-20 18:53:01 [INFO] UdipsaiApplication - Starting UdipsaiApplication using Java 17.0.17 with PID 232332 (/home/pumamz/Documents/java/UDIPSAI-Backend/target/classes started by pumamz in /home/pumamz/Documents/java/UDIPSAI-Backend)
2025-12-20 18:53:01 [INFO] UdipsaiApplication - The following 1 profile is active: "dev"
2025-12-20 18:53:06 [INFO] UdipsaiApplication - Started UdipsaiApplication in 6.047 seconds (process running for 6.668)
2025-12-20 18:53:29 [INFO] UdipsaiApplication - Starting UdipsaiApplication using Java 17.0.17 with PID 233023 (/home/pumamz/Documents/java/UDIPSAI-Backend/target/classes started by pumamz in /home/pumamz/Documents/java/UDIPSAI-Backend)
2025-12-20 18:53:29 [INFO] UdipsaiApplication - The following 1 profile is active: "dev"
2025-12-20 18:53:35 [INFO] UdipsaiApplication - Started UdipsaiApplication in 6.229 seconds (process running for 6.881)
2025-12-20 18:54:48 [INFO] UdipsaiApplication - Starting UdipsaiApplication using Java 17.0.17 with PID 234190 (/home/pumamz/Documents/java/UDIPSAI-Backend/target/classes started by pumamz in /home/pumamz/Documents/java/UDIPSAI-Backend)
2025-12-20 18:54:48 [INFO] UdipsaiApplication - The following 1 profile is active: "dev"
2025-12-20 18:54:54 [INFO] UdipsaiApplication - Started UdipsaiApplication in 5.886 seconds (process running for 6.444)
2025-12-20 18:55:17 [INFO] UdipsaiApplication - Starting UdipsaiApplication using Java 17.0.17 with PID 234886 (/home/pumamz/Documents/java/UDIPSAI-Backend/target/classes started by pumamz in /home/pumamz/Documents/java/UDIPSAI-Backend)
2025-12-20 18:55:17 [INFO] UdipsaiApplication - The following 1 profile is active: "dev"
2025-12-20 18:55:23 [INFO] UdipsaiApplication - Started UdipsaiApplication in 5.974 seconds (process running for 6.509)
2025-12-20 18:57:39 [INFO] UdipsaiApplication - Starting UdipsaiApplication using Java 17.0.17 with PID 236807 (/home/pumamz/Documents/java/UDIPSAI-Backend/target/classes started by pumamz in /home/pumamz/Documents/java/UDIPSAI-Backend)
2025-12-20 18:57:39 [INFO] UdipsaiApplication - The following 1 profile is active: "dev"
2025-12-20 18:57:44 [INFO] UdipsaiApplication - Started UdipsaiApplication in 5.668 seconds (process running for 6.199)
2025-12-20 19:03:44 [INFO] UdipsaiApplication - Starting UdipsaiApplication using Java 17.0.17 with PID 241771 (/home/pumamz/Documents/java/UDIPSAI-Backend/target/classes started by pumamz in /home/pumamz/Documents/java/UDIPSAI-Backend)
2025-12-20 19:03:44 [INFO] UdipsaiApplication - The following 1 profile is active: "dev"
2025-12-20 19:03:49 [INFO] UdipsaiApplication - Started UdipsaiApplication in 5.788 seconds (process running for 6.329)
2025-12-20 19:06:27 [INFO] UdipsaiApplication - Starting UdipsaiApplication using Java 17.0.17 with PID 243968 (/home/pumamz/Documents/java/UDIPSAI-Backend/target/classes started by pumamz in /home/pumamz/Documents/java/UDIPSAI-Backend)
2025-12-20 19:06:27 [INFO] UdipsaiApplication - The following 1 profile is active: "dev"
2025-12-20 19:06:33 [INFO] UdipsaiApplication - Started UdipsaiApplication in 5.634 seconds (process running for 6.168)
2025-12-20 19:28:33 [INFO] UdipsaiApplication - Starting UdipsaiApplication using Java 17.0.17 with PID 262123 (/home/pumamz/Documents/java/UDIPSAI-Backend/target/classes started by pumamz in /home/pumamz/Documents/java/UDIPSAI-Backend)
2025-12-20 19:28:33 [INFO] UdipsaiApplication - The following 1 profile is active: "dev"
2025-12-20 19:28:45 [INFO] UdipsaiApplication - Starting UdipsaiApplication using Java 17.0.17 with PID 262483 (/home/pumamz/Documents/java/UDIPSAI-Backend/target/classes started by pumamz in /home/pumamz/Documents/java/UDIPSAI-Backend)
2025-12-20 19:28:45 [INFO] UdipsaiApplication - The following 1 profile is active: "dev"
2025-12-20 19:28:45 [INFO] UdipsaiApplication - Started UdipsaiApplication in 12.103 seconds (process running for 13.417)
2025-12-20 19:30:28 [INFO] UdipsaiApplication - Starting UdipsaiApplication using Java 17.0.17 with PID 264121 (/home/pumamz/Documents/java/UDIPSAI-Backend/target/classes started by pumamz in /home/pumamz/Documents/java/UDIPSAI-Backend)
2025-12-20 19:30:28 [INFO] UdipsaiApplication - The following 1 profile is active: "dev"
2025-12-20 19:30:37 [INFO] UdipsaiApplication - Started UdipsaiApplication in 10.084 seconds (process running for 10.852)
2025-12-20 19:32:17 [INFO] UdipsaiApplication - Starting UdipsaiApplication using Java 17.0.17 with PID 265510 (/home/pumamz/Documents/java/UDIPSAI-Backend/target/classes started by pumamz in /home/pumamz/Documents/java/UDIPSAI-Backend)
2025-12-20 19:32:17 [INFO] UdipsaiApplication - The following 1 profile is active: "dev"
2025-12-20 19:33:10 [INFO] UdipsaiApplication - Starting UdipsaiApplication using Java 17.0.17 with PID 266508 (/home/pumamz/Documents/java/UDIPSAI-Backend/target/classes started by pumamz in /home/pumamz/Documents/java/UDIPSAI-Backend)
2025-12-20 19:33:10 [INFO] UdipsaiApplication - The following 1 profile is active: "dev"
2025-12-20 19:33:18 [INFO] UdipsaiApplication - Started UdipsaiApplication in 8.754 seconds (process running for 9.633)
2025-12-20 19:35:06 [INFO] UdipsaiApplication - Starting UdipsaiApplication using Java 17.0.17 with PID 268180 (/home/pumamz/Documents/java/UDIPSAI-Backend/target/classes started by pumamz in /home/pumamz/Documents/java/UDIPSAI-Backend)
2025-12-20 19:35:06 [INFO] UdipsaiApplication - The following 1 profile is active: "dev"
2025-12-20 19:35:13 [INFO] UdipsaiApplication - Started UdipsaiApplication in 7.397 seconds (process running for 8.162)
2025-12-20 19:35:50 [INFO] UdipsaiApplication - Starting UdipsaiApplication using Java 17.0.17 with PID 269082 (/home/pumamz/Documents/java/UDIPSAI-Backend/target/classes started by pumamz in /home/pumamz/Documents/java/UDIPSAI-Backend)
2025-12-20 19:35:50 [INFO] UdipsaiApplication - The following 1 profile is active: "dev"
2025-12-20 19:35:58 [INFO] UdipsaiApplication - Started UdipsaiApplication in 7.555 seconds (process running for 8.47)
2025-12-20 19:36:42 [INFO] UdipsaiApplication - Starting UdipsaiApplication using Java 17.0.17 with PID 269964 (/home/pumamz/Documents/java/UDIPSAI-Backend/target/classes started by pumamz in /home/pumamz/Documents/java/UDIPSAI-Backend)
2025-12-20 19:36:42 [INFO] UdipsaiApplication - The following 1 profile is active: "dev"
2025-12-20 19:36:50 [INFO] UdipsaiApplication - Started UdipsaiApplication in 8.207 seconds (process running for 9.077)
2025-12-20 19:37:35 [INFO] UdipsaiApplication - Starting UdipsaiApplication using Java 17.0.17 with PID 270936 (/home/pumamz/Documents/java/UDIPSAI-Backend/target/classes started by pumamz in /home/pumamz/Documents/java/UDIPSAI-Backend)
2025-12-20 19:37:35 [INFO] UdipsaiApplication - The following 1 profile is active: "dev"
2025-12-20 19:37:44 [INFO] UdipsaiApplication - Started UdipsaiApplication in 8.824 seconds (process running for 9.692)
2025-12-20 19:40:03 [INFO] UdipsaiApplication - Starting UdipsaiApplication using Java 17.0.17 with PID 273159 (/home/pumamz/Documents/java/UDIPSAI-Backend/target/classes started by pumamz in /home/pumamz/Documents/java/UDIPSAI-Backend)
2025-12-20 19:40:03 [INFO] UdipsaiApplication - The following 1 profile is active: "dev"
2025-12-20 19:40:11 [INFO] UdipsaiApplication - Started UdipsaiApplication in 8.504 seconds (process running for 9.417)
